// Jest Snapshot v1, https://goo.gl/fbAQLP

exports[`<UserDetail /> should renders the component 1`] = `
<div
  class="makeStyles-navigation-1"
>
  <a
    class="makeStyles-backButton-2"
    href="/"
  >
    <svg
      aria-hidden="true"
      class="MuiSvgIcon-root makeStyles-arrowBackIcon-3"
      focusable="false"
      viewBox="0 0 24 24"
    >
      <path
        d="M20 11H7.83l5.59-5.59L12 4l-8 8 8 8 1.41-1.41L7.83 13H20v-2z"
      />
    </svg>
    <span
      class="MuiTypography-root makeStyles-backLabel-4 MuiTypography-body1"
    >
      Back
    </span>
  </a>
</div>
`;
