// Jest Snapshot v1, https://goo.gl/fbAQLP

exports[`<AppBar /> should renders the component 1`] = `
<header
  class="MuiPaper-root MuiAppBar-root MuiAppBar-positionAbsolute MuiAppBar-colorPrimary makeStyles-appBar-1 MuiPaper-elevation4"
>
  <div
    class="MuiToolbar-root MuiToolbar-regular makeStyles-toolbar-3 MuiToolbar-gutters"
  >
    <button
      aria-label="open drawer"
      class="MuiButtonBase-root MuiIconButton-root makeStyles-menuButton-4 MuiIconButton-colorInherit MuiIconButton-edgeStart"
      tabindex="0"
      type="button"
    >
      <span
        class="MuiIconButton-label"
      >
        <svg
          aria-hidden="true"
          class="MuiSvgIcon-root"
          focusable="false"
          viewBox="0 0 24 24"
        >
          <path
            d="M3 18h18v-2H3v2zm0-5h18v-2H3v2zm0-7v2h18V6H3z"
          />
        </svg>
      </span>
      <span
        class="MuiTouchRipple-root"
      />
    </button>
    <h1
      class="MuiTypography-root makeStyles-title-6 MuiTypography-h6 MuiTypography-colorInherit MuiTypography-noWrap"
    >
      Dashboard
    </h1>
  </div>
</header>
`;
